{"__type":"$$EventMessageAudit","id":"390de19f-a153-4dbd-bc1c-c0e123d580b7","ts":"2026-04-01T07:32:29.050+00:00","eventName":"n8n.audit.user.login.success","message":"n8n.audit.user.login.success","payload":{"userId":"97399fd0-ce84-4eb7-a6d4-56548d9a0d54","_email":"avramenkovi07@gmail.com","_firstName":"Valeriy","_lastName":"Avramenko","globalRole":"global:owner","authenticationMethod":"email"}}
{"__type":"$$EventMessageConfirm","confirm":"390de19f-a153-4dbd-bc1c-c0e123d580b7","ts":"2026-04-01T07:32:29.052+00:00","source":{"id":"0","name":"eventBus"}}
{"__type":"$$EventMessageAudit","id":"a62cad8a-fa43-4828-84c1-bc16a8b75b57","ts":"2026-04-01T07:34:26.981+00:00","eventName":"n8n.audit.workflow.created","message":"n8n.audit.workflow.created","payload":{"userId":"97399fd0-ce84-4eb7-a6d4-56548d9a0d54","_email":"avramenkovi07@gmail.com","_firstName":"Valeriy","_lastName":"Avramenko","globalRole":"global:owner","workflowId":"l9L86XsLUiDhqhlY","workflowName":"My workflow"}}
{"__type":"$$EventMessageConfirm","confirm":"a62cad8a-fa43-4828-84c1-bc16a8b75b57","ts":"2026-04-01T07:34:26.982+00:00","source":{"id":"0","name":"eventBus"}}
{"__type":"$$EventMessageAudit","id":"92fd88ed-8a1d-4343-8ecf-48385d64fd41","ts":"2026-04-01T07:42:12.953+00:00","eventName":"n8n.audit.user.credentials.created","message":"n8n.audit.user.credentials.created","payload":{"userId":"97399fd0-ce84-4eb7-a6d4-56548d9a0d54","_email":"avramenkovi07@gmail.com","_firstName":"Valeriy","_lastName":"Avramenko","globalRole":"global:owner","credentialType":"telegramApi","credentialId":"EfrWW1UAChryI5IP","publicApi":false,"projectId":"jHdKjF6bZIioWVUX","projectType":"personal","isDynamic":false}}
{"__type":"$$EventMessageConfirm","confirm":"92fd88ed-8a1d-4343-8ecf-48385d64fd41","ts":"2026-04-01T07:42:12.956+00:00","source":{"id":"0","name":"eventBus"}}
{"__type":"$$EventMessageAudit","id":"9b35608a-b880-488f-a10a-f8b0a5741ed7","ts":"2026-04-01T03:42:14.748-04:00","eventName":"n8n.audit.workflow.updated","message":"n8n.audit.workflow.updated","payload":{"userId":"97399fd0-ce84-4eb7-a6d4-56548d9a0d54","_email":"avramenkovi07@gmail.com","_firstName":"Valeriy","_lastName":"Avramenko","globalRole":"global:owner","workflowId":"l9L86XsLUiDhqhlY","workflowName":"My workflow"}}
{"__type":"$$EventMessageConfirm","confirm":"9b35608a-b880-488f-a10a-f8b0a5741ed7","ts":"2026-04-01T03:42:14.749-04:00","source":{"id":"0","name":"eventBus"}}
{"__type":"$$EventMessageWorkflow","id":"bdbbfff2-8297-4427-9622-180c3fd85bcc","ts":"2026-04-01T03:42:26.767-04:00","eventName":"n8n.workflow.started","message":"n8n.workflow.started","payload":{"executionId":"1","workflowId":"l9L86XsLUiDhqhlY","isManual":false,"mode":"manual","workflowName":"My workflow"}}
{"__type":"$$EventMessageConfirm","confirm":"bdbbfff2-8297-4427-9622-180c3fd85bcc","ts":"2026-04-01T03:42:26.767-04:00","source":{"id":"0","name":"eventBus"}}
{"__type":"$$EventMessageAudit","id":"8c5e22aa-c3a8-4131-b68e-b4b814bcc1e2","ts":"2026-04-01T03:42:26.769-04:00","eventName":"n8n.audit.workflow.executed","message":"n8n.audit.workflow.executed","payload":{"userId":"97399fd0-ce84-4eb7-a6d4-56548d9a0d54","_email":"avramenkovi07@gmail.com","_firstName":"Valeriy","_lastName":"Avramenko","globalRole":"global:owner","workflowId":"l9L86XsLUiDhqhlY","workflowName":"My workflow","executionId":"1","source":"user-manual"}}
{"__type":"$$EventMessageConfirm","confirm":"8c5e22aa-c3a8-4131-b68e-b4b814bcc1e2","ts":"2026-04-01T03:42:26.769-04:00","source":{"id":"0","name":"eventBus"}}
{"__type":"$$EventMessageNode","id":"6c3fd8a7-3b0d-4222-9035-d9ed7a3e42d6","ts":"2026-04-01T03:42:26.792-04:00","eventName":"n8n.node.started","message":"n8n.node.started","payload":{"workflowId":"l9L86XsLUiDhqhlY","workflowName":"My workflow","executionId":"1","nodeType":"n8n-nodes-base.scheduleTrigger","nodeName":"Schedule Trigger","nodeId":"16c122ab-06bc-47bf-9892-a00f48b667dc"}}
{"__type":"$$EventMessageConfirm","confirm":"6c3fd8a7-3b0d-4222-9035-d9ed7a3e42d6","ts":"2026-04-01T03:42:26.792-04:00","source":{"id":"0","name":"eventBus"}}
{"__type":"$$EventMessageNode","id":"69c5f48d-dba5-4acc-81ae-f60b985d6fdb","ts":"2026-04-01T03:42:26.825-04:00","eventName":"n8n.node.finished","message":"n8n.node.finished","payload":{"workflowId":"l9L86XsLUiDhqhlY","workflowName":"My workflow","executionId":"1","nodeType":"n8n-nodes-base.scheduleTrigger","nodeName":"Schedule Trigger","nodeId":"16c122ab-06bc-47bf-9892-a00f48b667dc"}}
{"__type":"$$EventMessageConfirm","confirm":"69c5f48d-dba5-4acc-81ae-f60b985d6fdb","ts":"2026-04-01T03:42:26.825-04:00","source":{"id":"0","name":"eventBus"}}
{"__type":"$$EventMessageNode","id":"a357635b-6e21-4cb5-8d82-bb41d71bcba4","ts":"2026-04-01T03:42:26.827-04:00","eventName":"n8n.node.started","message":"n8n.node.started","payload":{"workflowId":"l9L86XsLUiDhqhlY","workflowName":"My workflow","executionId":"1","nodeType":"n8n-nodes-base.httpRequest","nodeName":"HTTP Request Хабр","nodeId":"394653bc-df34-47ae-9e1e-a9c21f0664e3"}}
{"__type":"$$EventMessageConfirm","confirm":"a357635b-6e21-4cb5-8d82-bb41d71bcba4","ts":"2026-04-01T03:42:26.827-04:00","source":{"id":"0","name":"eventBus"}}
{"__type":"$$EventMessageNode","id":"6f2e943c-1cd9-4c20-bdb6-32a8989bd664","ts":"2026-04-01T03:42:27.723-04:00","eventName":"n8n.node.finished","message":"n8n.node.finished","payload":{"workflowId":"l9L86XsLUiDhqhlY","workflowName":"My workflow","executionId":"1","nodeType":"n8n-nodes-base.httpRequest","nodeName":"HTTP Request Хабр","nodeId":"394653bc-df34-47ae-9e1e-a9c21f0664e3"}}
{"__type":"$$EventMessageConfirm","confirm":"6f2e943c-1cd9-4c20-bdb6-32a8989bd664","ts":"2026-04-01T03:42:27.724-04:00","source":{"id":"0","name":"eventBus"}}
{"__type":"$$EventMessageNode","id":"801ea472-5507-4cba-aa3f-5d8af6bb921d","ts":"2026-04-01T03:42:27.735-04:00","eventName":"n8n.node.started","message":"n8n.node.started","payload":{"workflowId":"l9L86XsLUiDhqhlY","workflowName":"My workflow","executionId":"1","nodeType":"n8n-nodes-base.code","nodeName":"Code in JavaScript","nodeId":"c667156b-ec24-434f-b717-a6f1be0f0d39"}}
{"__type":"$$EventMessageConfirm","confirm":"801ea472-5507-4cba-aa3f-5d8af6bb921d","ts":"2026-04-01T03:42:27.735-04:00","source":{"id":"0","name":"eventBus"}}
{"__type":"$$EventMessageRunner","id":"9cebbc7d-d4a3-417a-a67f-d4574f1f7ee0","ts":"2026-04-01T03:42:27.893-04:00","eventName":"n8n.runner.task.requested","message":"n8n.runner.task.requested","payload":{"taskId":"9cxzuwrf","nodeId":"c667156b-ec24-434f-b717-a6f1be0f0d39","workflowId":"l9L86XsLUiDhqhlY","executionId":"1"}}
{"__type":"$$EventMessageConfirm","confirm":"9cebbc7d-d4a3-417a-a67f-d4574f1f7ee0","ts":"2026-04-01T03:42:27.894-04:00","source":{"id":"0","name":"eventBus"}}
{"__type":"$$EventMessageRunner","id":"3d81f314-00b9-42b1-abbc-2ddcd1146cd1","ts":"2026-04-01T03:42:29.056-04:00","eventName":"n8n.runner.response.received","message":"n8n.runner.response.received","payload":{"taskId":"9cxzuwrf","nodeId":"c667156b-ec24-434f-b717-a6f1be0f0d39","workflowId":"l9L86XsLUiDhqhlY","executionId":"1"}}
{"__type":"$$EventMessageConfirm","confirm":"3d81f314-00b9-42b1-abbc-2ddcd1146cd1","ts":"2026-04-01T03:42:29.056-04:00","source":{"id":"0","name":"eventBus"}}
{"__type":"$$EventMessageNode","id":"111245bb-bfc1-4583-af9f-9b31943e86b5","ts":"2026-04-01T03:42:29.060-04:00","eventName":"n8n.node.finished","message":"n8n.node.finished","payload":{"workflowId":"l9L86XsLUiDhqhlY","workflowName":"My workflow","executionId":"1","nodeType":"n8n-nodes-base.code","nodeName":"Code in JavaScript","nodeId":"c667156b-ec24-434f-b717-a6f1be0f0d39"}}
{"__type":"$$EventMessageConfirm","confirm":"111245bb-bfc1-4583-af9f-9b31943e86b5","ts":"2026-04-01T03:42:29.060-04:00","source":{"id":"0","name":"eventBus"}}
{"__type":"$$EventMessageNode","id":"4371ab7f-ede4-4fe6-9d68-93a7415b38e6","ts":"2026-04-01T03:42:29.067-04:00","eventName":"n8n.node.started","message":"n8n.node.started","payload":{"workflowId":"l9L86XsLUiDhqhlY","workflowName":"My workflow","executionId":"1","nodeType":"n8n-nodes-base.filter","nodeName":"Filter опыт работы","nodeId":"7d75b306-a838-4dd9-b837-9c1ec6f3ecfb"}}
{"__type":"$$EventMessageConfirm","confirm":"4371ab7f-ede4-4fe6-9d68-93a7415b38e6","ts":"2026-04-01T03:42:29.067-04:00","source":{"id":"0","name":"eventBus"}}
{"__type":"$$EventMessageNode","id":"3a5f5be0-e44a-4ed0-ab39-3db021ae74c6","ts":"2026-04-01T03:42:29.302-04:00","eventName":"n8n.node.finished","message":"n8n.node.finished","payload":{"workflowId":"l9L86XsLUiDhqhlY","workflowName":"My workflow","executionId":"1","nodeType":"n8n-nodes-base.filter","nodeName":"Filter опыт работы","nodeId":"7d75b306-a838-4dd9-b837-9c1ec6f3ecfb"}}
{"__type":"$$EventMessageConfirm","confirm":"3a5f5be0-e44a-4ed0-ab39-3db021ae74c6","ts":"2026-04-01T03:42:29.303-04:00","source":{"id":"0","name":"eventBus"}}
{"__type":"$$EventMessageNode","id":"1058e219-0599-4fdd-8844-5b88cc44c5d0","ts":"2026-04-01T03:42:29.309-04:00","eventName":"n8n.node.started","message":"n8n.node.started","payload":{"workflowId":"l9L86XsLUiDhqhlY","workflowName":"My workflow","executionId":"1","nodeType":"n8n-nodes-base.filter","nodeName":"Filter формат работы","nodeId":"039b2d8c-c7d8-46ec-b245-813adfe6228a"}}
{"__type":"$$EventMessageConfirm","confirm":"1058e219-0599-4fdd-8844-5b88cc44c5d0","ts":"2026-04-01T03:42:29.309-04:00","source":{"id":"0","name":"eventBus"}}
{"__type":"$$EventMessageNode","id":"a5c43b3b-4622-4d7a-aa37-bae5a33287ed","ts":"2026-04-01T03:42:29.329-04:00","eventName":"n8n.node.finished","message":"n8n.node.finished","payload":{"workflowId":"l9L86XsLUiDhqhlY","workflowName":"My workflow","executionId":"1","nodeType":"n8n-nodes-base.filter","nodeName":"Filter формат работы","nodeId":"039b2d8c-c7d8-46ec-b245-813adfe6228a"}}
{"__type":"$$EventMessageConfirm","confirm":"a5c43b3b-4622-4d7a-aa37-bae5a33287ed","ts":"2026-04-01T03:42:29.329-04:00","source":{"id":"0","name":"eventBus"}}
{"__type":"$$EventMessageNode","id":"6c117967-0296-4e21-a509-95381486d1c8","ts":"2026-04-01T03:42:29.331-04:00","eventName":"n8n.node.started","message":"n8n.node.started","payload":{"workflowId":"l9L86XsLUiDhqhlY","workflowName":"My workflow","executionId":"1","nodeType":"n8n-nodes-base.httpRequest","nodeName":"HTTP Request3 hh","nodeId":"a85dffbf-06f2-471a-b5f9-e7c72a7f4630"}}
{"__type":"$$EventMessageConfirm","confirm":"6c117967-0296-4e21-a509-95381486d1c8","ts":"2026-04-01T03:42:29.331-04:00","source":{"id":"0","name":"eventBus"}}
{"__type":"$$EventMessageNode","id":"6991328d-b1ab-45f8-abbf-f5788dfe6415","ts":"2026-04-01T03:42:30.344-04:00","eventName":"n8n.node.finished","message":"n8n.node.finished","payload":{"workflowId":"l9L86XsLUiDhqhlY","workflowName":"My workflow","executionId":"1","nodeType":"n8n-nodes-base.httpRequest","nodeName":"HTTP Request3 hh","nodeId":"a85dffbf-06f2-471a-b5f9-e7c72a7f4630"}}
{"__type":"$$EventMessageConfirm","confirm":"6991328d-b1ab-45f8-abbf-f5788dfe6415","ts":"2026-04-01T03:42:30.344-04:00","source":{"id":"0","name":"eventBus"}}
{"__type":"$$EventMessageNode","id":"c64b4e78-965b-445e-b6bd-6bb0242eb95b","ts":"2026-04-01T03:42:30.353-04:00","eventName":"n8n.node.started","message":"n8n.node.started","payload":{"workflowId":"l9L86XsLUiDhqhlY","workflowName":"My workflow","executionId":"1","nodeType":"n8n-nodes-base.code","nodeName":"Code in JavaScript3","nodeId":"f6d18436-080c-4e8c-9c4f-b516c18adbd5"}}
{"__type":"$$EventMessageConfirm","confirm":"c64b4e78-965b-445e-b6bd-6bb0242eb95b","ts":"2026-04-01T03:42:30.353-04:00","source":{"id":"0","name":"eventBus"}}
{"__type":"$$EventMessageRunner","id":"f1b19f0b-f031-4bfb-a845-803e2103736a","ts":"2026-04-01T03:42:30.364-04:00","eventName":"n8n.runner.task.requested","message":"n8n.runner.task.requested","payload":{"taskId":"5DAmMBJi","nodeId":"f6d18436-080c-4e8c-9c4f-b516c18adbd5","workflowId":"l9L86XsLUiDhqhlY","executionId":"1"}}
{"__type":"$$EventMessageConfirm","confirm":"f1b19f0b-f031-4bfb-a845-803e2103736a","ts":"2026-04-01T03:42:30.364-04:00","source":{"id":"0","name":"eventBus"}}
{"__type":"$$EventMessageRunner","id":"fe792676-ab3d-4c2b-ac54-b64baaa5472a","ts":"2026-04-01T03:42:30.497-04:00","eventName":"n8n.runner.response.received","message":"n8n.runner.response.received","payload":{"taskId":"5DAmMBJi","nodeId":"f6d18436-080c-4e8c-9c4f-b516c18adbd5","workflowId":"l9L86XsLUiDhqhlY","executionId":"1"}}
{"__type":"$$EventMessageConfirm","confirm":"fe792676-ab3d-4c2b-ac54-b64baaa5472a","ts":"2026-04-01T03:42:30.497-04:00","source":{"id":"0","name":"eventBus"}}
{"__type":"$$EventMessageNode","id":"2c47f2e5-2c9c-4dee-9674-f5ce1bf4f18b","ts":"2026-04-01T03:42:30.498-04:00","eventName":"n8n.node.finished","message":"n8n.node.finished","payload":{"workflowId":"l9L86XsLUiDhqhlY","workflowName":"My workflow","executionId":"1","nodeType":"n8n-nodes-base.code","nodeName":"Code in JavaScript3","nodeId":"f6d18436-080c-4e8c-9c4f-b516c18adbd5"}}
{"__type":"$$EventMessageConfirm","confirm":"2c47f2e5-2c9c-4dee-9674-f5ce1bf4f18b","ts":"2026-04-01T03:42:30.498-04:00","source":{"id":"0","name":"eventBus"}}
{"__type":"$$EventMessageNode","id":"f974c9cb-69fd-4af2-9052-a5326a61ba5c","ts":"2026-04-01T03:42:30.502-04:00","eventName":"n8n.node.started","message":"n8n.node.started","payload":{"workflowId":"l9L86XsLUiDhqhlY","workflowName":"My workflow","executionId":"1","nodeType":"n8n-nodes-base.filter","nodeName":"Filter опыт работы1","nodeId":"579ef25d-d647-4278-bdb8-fb1d54b368d8"}}
{"__type":"$$EventMessageConfirm","confirm":"f974c9cb-69fd-4af2-9052-a5326a61ba5c","ts":"2026-04-01T03:42:30.503-04:00","source":{"id":"0","name":"eventBus"}}
{"__type":"$$EventMessageNode","id":"c7476487-6fca-4bd5-a0ad-125d55419771","ts":"2026-04-01T03:42:30.636-04:00","eventName":"n8n.node.finished","message":"n8n.node.finished","payload":{"workflowId":"l9L86XsLUiDhqhlY","workflowName":"My workflow","executionId":"1","nodeType":"n8n-nodes-base.filter","nodeName":"Filter опыт работы1","nodeId":"579ef25d-d647-4278-bdb8-fb1d54b368d8"}}
{"__type":"$$EventMessageConfirm","confirm":"c7476487-6fca-4bd5-a0ad-125d55419771","ts":"2026-04-01T03:42:30.637-04:00","source":{"id":"0","name":"eventBus"}}
{"__type":"$$EventMessageNode","id":"51f73e82-a50e-4379-934e-d2453bad076d","ts":"2026-04-01T03:42:30.640-04:00","eventName":"n8n.node.started","message":"n8n.node.started","payload":{"workflowId":"l9L86XsLUiDhqhlY","workflowName":"My workflow","executionId":"1","nodeType":"n8n-nodes-base.merge","nodeName":"Merge","nodeId":"14a00ec7-7b23-4f5d-8c06-c62f0e1a459c"}}
{"__type":"$$EventMessageConfirm","confirm":"51f73e82-a50e-4379-934e-d2453bad076d","ts":"2026-04-01T03:42:30.641-04:00","source":{"id":"0","name":"eventBus"}}
{"__type":"$$EventMessageNode","id":"252fb730-4bbf-491d-a418-084478575f06","ts":"2026-04-01T03:42:30.698-04:00","eventName":"n8n.node.finished","message":"n8n.node.finished","payload":{"workflowId":"l9L86XsLUiDhqhlY","workflowName":"My workflow","executionId":"1","nodeType":"n8n-nodes-base.merge","nodeName":"Merge","nodeId":"14a00ec7-7b23-4f5d-8c06-c62f0e1a459c"}}
{"__type":"$$EventMessageConfirm","confirm":"252fb730-4bbf-491d-a418-084478575f06","ts":"2026-04-01T03:42:30.698-04:00","source":{"id":"0","name":"eventBus"}}
{"__type":"$$EventMessageNode","id":"c8d90385-d3a7-4267-a53d-91d1962cce79","ts":"2026-04-01T03:42:30.702-04:00","eventName":"n8n.node.started","message":"n8n.node.started","payload":{"workflowId":"l9L86XsLUiDhqhlY","workflowName":"My workflow","executionId":"1","nodeType":"n8n-nodes-base.code","nodeName":"Code in JavaScript ранжирование","nodeId":"d0a9c11b-7ef2-414b-bd5d-cbc62eb449a7"}}
{"__type":"$$EventMessageConfirm","confirm":"c8d90385-d3a7-4267-a53d-91d1962cce79","ts":"2026-04-01T03:42:30.703-04:00","source":{"id":"0","name":"eventBus"}}
{"__type":"$$EventMessageRunner","id":"8eb2066a-f183-4543-8020-552f631d1828","ts":"2026-04-01T03:42:30.710-04:00","eventName":"n8n.runner.task.requested","message":"n8n.runner.task.requested","payload":{"taskId":"n66F_x6E","nodeId":"d0a9c11b-7ef2-414b-bd5d-cbc62eb449a7","workflowId":"l9L86XsLUiDhqhlY","executionId":"1"}}
{"__type":"$$EventMessageConfirm","confirm":"8eb2066a-f183-4543-8020-552f631d1828","ts":"2026-04-01T03:42:30.710-04:00","source":{"id":"0","name":"eventBus"}}
{"__type":"$$EventMessageRunner","id":"bef3d62e-3db6-4223-a55d-1fadf785d311","ts":"2026-04-01T03:42:30.903-04:00","eventName":"n8n.runner.response.received","message":"n8n.runner.response.received","payload":{"taskId":"n66F_x6E","nodeId":"d0a9c11b-7ef2-414b-bd5d-cbc62eb449a7","workflowId":"l9L86XsLUiDhqhlY","executionId":"1"}}
{"__type":"$$EventMessageConfirm","confirm":"bef3d62e-3db6-4223-a55d-1fadf785d311","ts":"2026-04-01T03:42:30.903-04:00","source":{"id":"0","name":"eventBus"}}
{"__type":"$$EventMessageNode","id":"0dab2087-e9a5-46a5-bc27-9936d5ae1e69","ts":"2026-04-01T03:42:30.904-04:00","eventName":"n8n.node.finished","message":"n8n.node.finished","payload":{"workflowId":"l9L86XsLUiDhqhlY","workflowName":"My workflow","executionId":"1","nodeType":"n8n-nodes-base.code","nodeName":"Code in JavaScript ранжирование","nodeId":"d0a9c11b-7ef2-414b-bd5d-cbc62eb449a7"}}
{"__type":"$$EventMessageConfirm","confirm":"0dab2087-e9a5-46a5-bc27-9936d5ae1e69","ts":"2026-04-01T03:42:30.904-04:00","source":{"id":"0","name":"eventBus"}}
{"__type":"$$EventMessageNode","id":"ed8fe8d3-9dac-4677-8ad8-0a149e7af61b","ts":"2026-04-01T03:42:30.906-04:00","eventName":"n8n.node.started","message":"n8n.node.started","payload":{"workflowId":"l9L86XsLUiDhqhlY","workflowName":"My workflow","executionId":"1","nodeType":"n8n-nodes-base.limit","nodeName":"Limit","nodeId":"23d6451d-0799-437f-9e55-3f7282aa4a53"}}
{"__type":"$$EventMessageConfirm","confirm":"ed8fe8d3-9dac-4677-8ad8-0a149e7af61b","ts":"2026-04-01T03:42:30.906-04:00","source":{"id":"0","name":"eventBus"}}
{"__type":"$$EventMessageNode","id":"a750e594-6024-4db3-83d3-b4c315d5b716","ts":"2026-04-01T03:42:30.908-04:00","eventName":"n8n.node.finished","message":"n8n.node.finished","payload":{"workflowId":"l9L86XsLUiDhqhlY","workflowName":"My workflow","executionId":"1","nodeType":"n8n-nodes-base.limit","nodeName":"Limit","nodeId":"23d6451d-0799-437f-9e55-3f7282aa4a53"}}
{"__type":"$$EventMessageConfirm","confirm":"a750e594-6024-4db3-83d3-b4c315d5b716","ts":"2026-04-01T03:42:30.908-04:00","source":{"id":"0","name":"eventBus"}}
{"__type":"$$EventMessageNode","id":"8e518f4c-8f02-4d3e-84d6-8fe894ff84a1","ts":"2026-04-01T03:42:30.910-04:00","eventName":"n8n.node.started","message":"n8n.node.started","payload":{"workflowId":"l9L86XsLUiDhqhlY","workflowName":"My workflow","executionId":"1","nodeType":"n8n-nodes-base.code","nodeName":"Code in JavaScript2","nodeId":"bd7303ec-d4ea-4e79-a9b8-b5d12c92093a"}}
{"__type":"$$EventMessageConfirm","confirm":"8e518f4c-8f02-4d3e-84d6-8fe894ff84a1","ts":"2026-04-01T03:42:30.910-04:00","source":{"id":"0","name":"eventBus"}}
{"__type":"$$EventMessageRunner","id":"ec754d0d-31d1-402d-84ae-5a25cc0eb914","ts":"2026-04-01T03:42:30.962-04:00","eventName":"n8n.runner.task.requested","message":"n8n.runner.task.requested","payload":{"taskId":"KqeWvL6N","nodeId":"bd7303ec-d4ea-4e79-a9b8-b5d12c92093a","workflowId":"l9L86XsLUiDhqhlY","executionId":"1"}}
{"__type":"$$EventMessageConfirm","confirm":"ec754d0d-31d1-402d-84ae-5a25cc0eb914","ts":"2026-04-01T03:42:30.962-04:00","source":{"id":"0","name":"eventBus"}}
{"__type":"$$EventMessageRunner","id":"3ea2d3d5-1b1d-45a7-b90d-68bc91b50bbe","ts":"2026-04-01T03:42:31.096-04:00","eventName":"n8n.runner.response.received","message":"n8n.runner.response.received","payload":{"taskId":"KqeWvL6N","nodeId":"bd7303ec-d4ea-4e79-a9b8-b5d12c92093a","workflowId":"l9L86XsLUiDhqhlY","executionId":"1"}}
{"__type":"$$EventMessageConfirm","confirm":"3ea2d3d5-1b1d-45a7-b90d-68bc91b50bbe","ts":"2026-04-01T03:42:31.096-04:00","source":{"id":"0","name":"eventBus"}}
{"__type":"$$EventMessageNode","id":"d4346d14-0b20-4b0c-add1-8a322efdb053","ts":"2026-04-01T03:42:31.097-04:00","eventName":"n8n.node.finished","message":"n8n.node.finished","payload":{"workflowId":"l9L86XsLUiDhqhlY","workflowName":"My workflow","executionId":"1","nodeType":"n8n-nodes-base.code","nodeName":"Code in JavaScript2","nodeId":"bd7303ec-d4ea-4e79-a9b8-b5d12c92093a"}}
{"__type":"$$EventMessageConfirm","confirm":"d4346d14-0b20-4b0c-add1-8a322efdb053","ts":"2026-04-01T03:42:31.097-04:00","source":{"id":"0","name":"eventBus"}}
{"__type":"$$EventMessageNode","id":"cd6fcf46-aca0-49f9-bc94-0f8f2dad276a","ts":"2026-04-01T03:42:31.098-04:00","eventName":"n8n.node.started","message":"n8n.node.started","payload":{"workflowId":"l9L86XsLUiDhqhlY","workflowName":"My workflow","executionId":"1","nodeType":"n8n-nodes-base.telegram","nodeName":"Send a text message","nodeId":"ec3df12a-00a9-41ca-903b-378d3d23e7bd"}}
{"__type":"$$EventMessageConfirm","confirm":"cd6fcf46-aca0-49f9-bc94-0f8f2dad276a","ts":"2026-04-01T03:42:31.098-04:00","source":{"id":"0","name":"eventBus"}}
{"__type":"$$EventMessageNode","id":"ae9efbcc-c05d-4f46-a30c-43f2cd77f3d4","ts":"2026-04-01T03:42:31.588-04:00","eventName":"n8n.node.finished","message":"n8n.node.finished","payload":{"workflowId":"l9L86XsLUiDhqhlY","workflowName":"My workflow","executionId":"1","nodeType":"n8n-nodes-base.telegram","nodeName":"Send a text message","nodeId":"ec3df12a-00a9-41ca-903b-378d3d23e7bd"}}
{"__type":"$$EventMessageConfirm","confirm":"ae9efbcc-c05d-4f46-a30c-43f2cd77f3d4","ts":"2026-04-01T03:42:31.588-04:00","source":{"id":"0","name":"eventBus"}}
{"__type":"$$EventMessageWorkflow","id":"ad3f1534-d1ef-4b18-bf48-fb24db5171bc","ts":"2026-04-01T03:42:31.601-04:00","eventName":"n8n.workflow.success","message":"n8n.workflow.success","payload":{"userId":"97399fd0-ce84-4eb7-a6d4-56548d9a0d54","executionId":"1","success":true,"isManual":true,"mode":"manual","workflowId":"l9L86XsLUiDhqhlY","workflowName":"My workflow"}}
{"__type":"$$EventMessageConfirm","confirm":"ad3f1534-d1ef-4b18-bf48-fb24db5171bc","ts":"2026-04-01T03:42:31.601-04:00","source":{"id":"0","name":"eventBus"}}
{"__type":"$$EventMessageWorkflow","id":"2bb6d314-6f38-4124-bd1b-6f30f0263c6a","ts":"2026-04-02T08:33:33.924-04:00","eventName":"n8n.workflow.started","message":"n8n.workflow.started","payload":{"executionId":"2","workflowId":"l9L86XsLUiDhqhlY","isManual":false,"mode":"manual","workflowName":"My workflow"}}
{"__type":"$$EventMessageConfirm","confirm":"2bb6d314-6f38-4124-bd1b-6f30f0263c6a","ts":"2026-04-02T08:33:33.925-04:00","source":{"id":"0","name":"eventBus"}}
{"__type":"$$EventMessageAudit","id":"09034e2b-93eb-495c-8334-991fa334b1e8","ts":"2026-04-02T08:33:33.928-04:00","eventName":"n8n.audit.workflow.executed","message":"n8n.audit.workflow.executed","payload":{"userId":"97399fd0-ce84-4eb7-a6d4-56548d9a0d54","_email":"avramenkovi07@gmail.com","_firstName":"Valeriy","_lastName":"Avramenko","globalRole":"global:owner","workflowId":"l9L86XsLUiDhqhlY","workflowName":"My workflow","executionId":"2","source":"user-manual"}}
{"__type":"$$EventMessageConfirm","confirm":"09034e2b-93eb-495c-8334-991fa334b1e8","ts":"2026-04-02T08:33:33.928-04:00","source":{"id":"0","name":"eventBus"}}
{"__type":"$$EventMessageNode","id":"9edc4907-bb20-4403-9f68-b3163620f10c","ts":"2026-04-02T08:33:33.950-04:00","eventName":"n8n.node.started","message":"n8n.node.started","payload":{"workflowId":"l9L86XsLUiDhqhlY","workflowName":"My workflow","executionId":"2","nodeType":"n8n-nodes-base.scheduleTrigger","nodeName":"Schedule Trigger","nodeId":"16c122ab-06bc-47bf-9892-a00f48b667dc"}}
{"__type":"$$EventMessageConfirm","confirm":"9edc4907-bb20-4403-9f68-b3163620f10c","ts":"2026-04-02T08:33:33.950-04:00","source":{"id":"0","name":"eventBus"}}
{"__type":"$$EventMessageNode","id":"fbc3edf8-0aac-4988-b58a-adeae06a1dcd","ts":"2026-04-02T08:33:34.121-04:00","eventName":"n8n.node.finished","message":"n8n.node.finished","payload":{"workflowId":"l9L86XsLUiDhqhlY","workflowName":"My workflow","executionId":"2","nodeType":"n8n-nodes-base.scheduleTrigger","nodeName":"Schedule Trigger","nodeId":"16c122ab-06bc-47bf-9892-a00f48b667dc"}}
{"__type":"$$EventMessageConfirm","confirm":"fbc3edf8-0aac-4988-b58a-adeae06a1dcd","ts":"2026-04-02T08:33:34.121-04:00","source":{"id":"0","name":"eventBus"}}
{"__type":"$$EventMessageNode","id":"cc0bc90b-3af9-4fda-81b5-e5b9fd10921a","ts":"2026-04-02T08:33:34.123-04:00","eventName":"n8n.node.started","message":"n8n.node.started","payload":{"workflowId":"l9L86XsLUiDhqhlY","workflowName":"My workflow","executionId":"2","nodeType":"n8n-nodes-base.httpRequest","nodeName":"HTTP Request Хабр","nodeId":"394653bc-df34-47ae-9e1e-a9c21f0664e3"}}
{"__type":"$$EventMessageConfirm","confirm":"cc0bc90b-3af9-4fda-81b5-e5b9fd10921a","ts":"2026-04-02T08:33:34.123-04:00","source":{"id":"0","name":"eventBus"}}
{"__type":"$$EventMessageNode","id":"60d15f6f-94a7-4383-b681-b30e2ea2ed0c","ts":"2026-04-02T08:33:34.664-04:00","eventName":"n8n.node.finished","message":"n8n.node.finished","payload":{"workflowId":"l9L86XsLUiDhqhlY","workflowName":"My workflow","executionId":"2","nodeType":"n8n-nodes-base.httpRequest","nodeName":"HTTP Request Хабр","nodeId":"394653bc-df34-47ae-9e1e-a9c21f0664e3"}}
{"__type":"$$EventMessageConfirm","confirm":"60d15f6f-94a7-4383-b681-b30e2ea2ed0c","ts":"2026-04-02T08:33:34.664-04:00","source":{"id":"0","name":"eventBus"}}
{"__type":"$$EventMessageNode","id":"95d843ae-60c1-430b-8266-5de03a4aa1cc","ts":"2026-04-02T08:33:34.669-04:00","eventName":"n8n.node.started","message":"n8n.node.started","payload":{"workflowId":"l9L86XsLUiDhqhlY","workflowName":"My workflow","executionId":"2","nodeType":"n8n-nodes-base.code","nodeName":"Code in JavaScript","nodeId":"c667156b-ec24-434f-b717-a6f1be0f0d39"}}
{"__type":"$$EventMessageConfirm","confirm":"95d843ae-60c1-430b-8266-5de03a4aa1cc","ts":"2026-04-02T08:33:34.669-04:00","source":{"id":"0","name":"eventBus"}}
{"__type":"$$EventMessageRunner","id":"224f3e5d-6b15-4dcd-acaa-5dab4bf9d572","ts":"2026-04-02T08:33:34.819-04:00","eventName":"n8n.runner.task.requested","message":"n8n.runner.task.requested","payload":{"taskId":"lk-Ek7Vr","nodeId":"c667156b-ec24-434f-b717-a6f1be0f0d39","workflowId":"l9L86XsLUiDhqhlY","executionId":"2"}}
{"__type":"$$EventMessageConfirm","confirm":"224f3e5d-6b15-4dcd-acaa-5dab4bf9d572","ts":"2026-04-02T08:33:34.819-04:00","source":{"id":"0","name":"eventBus"}}
{"__type":"$$EventMessageRunner","id":"845504a7-9a0e-4a79-90f7-860b38a0e8fb","ts":"2026-04-02T08:33:35.359-04:00","eventName":"n8n.runner.response.received","message":"n8n.runner.response.received","payload":{"taskId":"lk-Ek7Vr","nodeId":"c667156b-ec24-434f-b717-a6f1be0f0d39","workflowId":"l9L86XsLUiDhqhlY","executionId":"2"}}
{"__type":"$$EventMessageConfirm","confirm":"845504a7-9a0e-4a79-90f7-860b38a0e8fb","ts":"2026-04-02T08:33:35.359-04:00","source":{"id":"0","name":"eventBus"}}
{"__type":"$$EventMessageNode","id":"d87b3144-6d51-4cc8-812a-5fe203f755c5","ts":"2026-04-02T08:33:35.360-04:00","eventName":"n8n.node.finished","message":"n8n.node.finished","payload":{"workflowId":"l9L86XsLUiDhqhlY","workflowName":"My workflow","executionId":"2","nodeType":"n8n-nodes-base.code","nodeName":"Code in JavaScript","nodeId":"c667156b-ec24-434f-b717-a6f1be0f0d39"}}
{"__type":"$$EventMessageConfirm","confirm":"d87b3144-6d51-4cc8-812a-5fe203f755c5","ts":"2026-04-02T08:33:35.360-04:00","source":{"id":"0","name":"eventBus"}}
{"__type":"$$EventMessageNode","id":"468c29fb-8635-42ed-a0f1-14e3a0ddcb4b","ts":"2026-04-02T08:33:35.362-04:00","eventName":"n8n.node.started","message":"n8n.node.started","payload":{"workflowId":"l9L86XsLUiDhqhlY","workflowName":"My workflow","executionId":"2","nodeType":"n8n-nodes-base.filter","nodeName":"Filter опыт работы","nodeId":"7d75b306-a838-4dd9-b837-9c1ec6f3ecfb"}}
{"__type":"$$EventMessageConfirm","confirm":"468c29fb-8635-42ed-a0f1-14e3a0ddcb4b","ts":"2026-04-02T08:33:35.362-04:00","source":{"id":"0","name":"eventBus"}}
{"__type":"$$EventMessageNode","id":"cdbc377e-cc15-48ed-aa3b-e350e7e0dd5a","ts":"2026-04-02T08:33:35.451-04:00","eventName":"n8n.node.finished","message":"n8n.node.finished","payload":{"workflowId":"l9L86XsLUiDhqhlY","workflowName":"My workflow","executionId":"2","nodeType":"n8n-nodes-base.filter","nodeName":"Filter опыт работы","nodeId":"7d75b306-a838-4dd9-b837-9c1ec6f3ecfb"}}
{"__type":"$$EventMessageConfirm","confirm":"cdbc377e-cc15-48ed-aa3b-e350e7e0dd5a","ts":"2026-04-02T08:33:35.451-04:00","source":{"id":"0","name":"eventBus"}}
{"__type":"$$EventMessageNode","id":"83757ac6-6ee5-4771-99b5-a7aa00d63872","ts":"2026-04-02T08:33:35.453-04:00","eventName":"n8n.node.started","message":"n8n.node.started","payload":{"workflowId":"l9L86XsLUiDhqhlY","workflowName":"My workflow","executionId":"2","nodeType":"n8n-nodes-base.filter","nodeName":"Filter формат работы","nodeId":"039b2d8c-c7d8-46ec-b245-813adfe6228a"}}
{"__type":"$$EventMessageConfirm","confirm":"83757ac6-6ee5-4771-99b5-a7aa00d63872","ts":"2026-04-02T08:33:35.453-04:00","source":{"id":"0","name":"eventBus"}}
{"__type":"$$EventMessageNode","id":"8bb2f208-ffdd-40c1-a015-3132c9374c13","ts":"2026-04-02T08:33:35.463-04:00","eventName":"n8n.node.finished","message":"n8n.node.finished","payload":{"workflowId":"l9L86XsLUiDhqhlY","workflowName":"My workflow","executionId":"2","nodeType":"n8n-nodes-base.filter","nodeName":"Filter формат работы","nodeId":"039b2d8c-c7d8-46ec-b245-813adfe6228a"}}
{"__type":"$$EventMessageConfirm","confirm":"8bb2f208-ffdd-40c1-a015-3132c9374c13","ts":"2026-04-02T08:33:35.463-04:00","source":{"id":"0","name":"eventBus"}}
{"__type":"$$EventMessageNode","id":"4eabc8a4-369a-4270-bf7c-5a9bc22d7ff6","ts":"2026-04-02T08:33:35.464-04:00","eventName":"n8n.node.started","message":"n8n.node.started","payload":{"workflowId":"l9L86XsLUiDhqhlY","workflowName":"My workflow","executionId":"2","nodeType":"n8n-nodes-base.httpRequest","nodeName":"HTTP Request3 hh","nodeId":"a85dffbf-06f2-471a-b5f9-e7c72a7f4630"}}
{"__type":"$$EventMessageConfirm","confirm":"4eabc8a4-369a-4270-bf7c-5a9bc22d7ff6","ts":"2026-04-02T08:33:35.465-04:00","source":{"id":"0","name":"eventBus"}}
{"__type":"$$EventMessageNode","id":"2a790354-5126-4332-8dd7-bda03b080135","ts":"2026-04-02T08:33:35.727-04:00","eventName":"n8n.node.finished","message":"n8n.node.finished","payload":{"workflowId":"l9L86XsLUiDhqhlY","workflowName":"My workflow","executionId":"2","nodeType":"n8n-nodes-base.httpRequest","nodeName":"HTTP Request3 hh","nodeId":"a85dffbf-06f2-471a-b5f9-e7c72a7f4630"}}
{"__type":"$$EventMessageConfirm","confirm":"2a790354-5126-4332-8dd7-bda03b080135","ts":"2026-04-02T08:33:35.727-04:00","source":{"id":"0","name":"eventBus"}}
{"__type":"$$EventMessageNode","id":"710bb82b-d392-4686-970d-344732a11cd5","ts":"2026-04-02T08:33:35.735-04:00","eventName":"n8n.node.started","message":"n8n.node.started","payload":{"workflowId":"l9L86XsLUiDhqhlY","workflowName":"My workflow","executionId":"2","nodeType":"n8n-nodes-base.code","nodeName":"Code in JavaScript3","nodeId":"f6d18436-080c-4e8c-9c4f-b516c18adbd5"}}
{"__type":"$$EventMessageConfirm","confirm":"710bb82b-d392-4686-970d-344732a11cd5","ts":"2026-04-02T08:33:35.735-04:00","source":{"id":"0","name":"eventBus"}}
{"__type":"$$EventMessageRunner","id":"b8b8291c-0cd7-49b4-bf06-bf681ef9c6f5","ts":"2026-04-02T08:33:35.742-04:00","eventName":"n8n.runner.task.requested","message":"n8n.runner.task.requested","payload":{"taskId":"BmV6ZgkQ","nodeId":"f6d18436-080c-4e8c-9c4f-b516c18adbd5","workflowId":"l9L86XsLUiDhqhlY","executionId":"2"}}
{"__type":"$$EventMessageConfirm","confirm":"b8b8291c-0cd7-49b4-bf06-bf681ef9c6f5","ts":"2026-04-02T08:33:35.742-04:00","source":{"id":"0","name":"eventBus"}}
{"__type":"$$EventMessageRunner","id":"1a9a61d1-785d-43b0-b035-9da0a2fb89ad","ts":"2026-04-02T08:33:35.848-04:00","eventName":"n8n.runner.response.received","message":"n8n.runner.response.received","payload":{"taskId":"BmV6ZgkQ","nodeId":"f6d18436-080c-4e8c-9c4f-b516c18adbd5","workflowId":"l9L86XsLUiDhqhlY","executionId":"2"}}
{"__type":"$$EventMessageConfirm","confirm":"1a9a61d1-785d-43b0-b035-9da0a2fb89ad","ts":"2026-04-02T08:33:35.849-04:00","source":{"id":"0","name":"eventBus"}}
{"__type":"$$EventMessageNode","id":"dd44531d-6fc2-4b3a-8832-b27818beacc1","ts":"2026-04-02T08:33:35.849-04:00","eventName":"n8n.node.finished","message":"n8n.node.finished","payload":{"workflowId":"l9L86XsLUiDhqhlY","workflowName":"My workflow","executionId":"2","nodeType":"n8n-nodes-base.code","nodeName":"Code in JavaScript3","nodeId":"f6d18436-080c-4e8c-9c4f-b516c18adbd5"}}
{"__type":"$$EventMessageConfirm","confirm":"dd44531d-6fc2-4b3a-8832-b27818beacc1","ts":"2026-04-02T08:33:35.850-04:00","source":{"id":"0","name":"eventBus"}}
{"__type":"$$EventMessageNode","id":"dcfe7f5a-a6ad-4462-bf5c-97c87b75712b","ts":"2026-04-02T08:33:35.851-04:00","eventName":"n8n.node.started","message":"n8n.node.started","payload":{"workflowId":"l9L86XsLUiDhqhlY","workflowName":"My workflow","executionId":"2","nodeType":"n8n-nodes-base.filter","nodeName":"Filter опыт работы1","nodeId":"579ef25d-d647-4278-bdb8-fb1d54b368d8"}}
{"__type":"$$EventMessageConfirm","confirm":"dcfe7f5a-a6ad-4462-bf5c-97c87b75712b","ts":"2026-04-02T08:33:35.852-04:00","source":{"id":"0","name":"eventBus"}}
{"__type":"$$EventMessageNode","id":"9c438efa-075e-46b6-9e9f-70666199b87d","ts":"2026-04-02T08:33:35.920-04:00","eventName":"n8n.node.finished","message":"n8n.node.finished","payload":{"workflowId":"l9L86XsLUiDhqhlY","workflowName":"My workflow","executionId":"2","nodeType":"n8n-nodes-base.filter","nodeName":"Filter опыт работы1","nodeId":"579ef25d-d647-4278-bdb8-fb1d54b368d8"}}
{"__type":"$$EventMessageConfirm","confirm":"9c438efa-075e-46b6-9e9f-70666199b87d","ts":"2026-04-02T08:33:35.920-04:00","source":{"id":"0","name":"eventBus"}}
{"__type":"$$EventMessageNode","id":"6aec0187-0885-4cf8-a4ad-e0639d0dd8ff","ts":"2026-04-02T08:33:35.921-04:00","eventName":"n8n.node.started","message":"n8n.node.started","payload":{"workflowId":"l9L86XsLUiDhqhlY","workflowName":"My workflow","executionId":"2","nodeType":"n8n-nodes-base.merge","nodeName":"Merge","nodeId":"14a00ec7-7b23-4f5d-8c06-c62f0e1a459c"}}
{"__type":"$$EventMessageConfirm","confirm":"6aec0187-0885-4cf8-a4ad-e0639d0dd8ff","ts":"2026-04-02T08:33:35.921-04:00","source":{"id":"0","name":"eventBus"}}
{"__type":"$$EventMessageNode","id":"7eccdf25-5324-4b1a-b782-710a4aafd226","ts":"2026-04-02T08:33:35.924-04:00","eventName":"n8n.node.finished","message":"n8n.node.finished","payload":{"workflowId":"l9L86XsLUiDhqhlY","workflowName":"My workflow","executionId":"2","nodeType":"n8n-nodes-base.merge","nodeName":"Merge","nodeId":"14a00ec7-7b23-4f5d-8c06-c62f0e1a459c"}}
{"__type":"$$EventMessageConfirm","confirm":"7eccdf25-5324-4b1a-b782-710a4aafd226","ts":"2026-04-02T08:33:35.925-04:00","source":{"id":"0","name":"eventBus"}}
{"__type":"$$EventMessageNode","id":"aa30bc36-361a-483e-b969-70b02ff36089","ts":"2026-04-02T08:33:35.926-04:00","eventName":"n8n.node.started","message":"n8n.node.started","payload":{"workflowId":"l9L86XsLUiDhqhlY","workflowName":"My workflow","executionId":"2","nodeType":"n8n-nodes-base.code","nodeName":"Code in JavaScript ранжирование","nodeId":"d0a9c11b-7ef2-414b-bd5d-cbc62eb449a7"}}
{"__type":"$$EventMessageConfirm","confirm":"aa30bc36-361a-483e-b969-70b02ff36089","ts":"2026-04-02T08:33:35.926-04:00","source":{"id":"0","name":"eventBus"}}
{"__type":"$$EventMessageRunner","id":"717bfd39-10a7-4599-bd79-37d1dd84e1dd","ts":"2026-04-02T08:33:35.931-04:00","eventName":"n8n.runner.task.requested","message":"n8n.runner.task.requested","payload":{"taskId":"TJJOEKJT","nodeId":"d0a9c11b-7ef2-414b-bd5d-cbc62eb449a7","workflowId":"l9L86XsLUiDhqhlY","executionId":"2"}}
{"__type":"$$EventMessageConfirm","confirm":"717bfd39-10a7-4599-bd79-37d1dd84e1dd","ts":"2026-04-02T08:33:35.931-04:00","source":{"id":"0","name":"eventBus"}}
{"__type":"$$EventMessageRunner","id":"6d664eb9-aacf-462c-b350-e4511407e4d8","ts":"2026-04-02T08:33:36.026-04:00","eventName":"n8n.runner.response.received","message":"n8n.runner.response.received","payload":{"taskId":"TJJOEKJT","nodeId":"d0a9c11b-7ef2-414b-bd5d-cbc62eb449a7","workflowId":"l9L86XsLUiDhqhlY","executionId":"2"}}
{"__type":"$$EventMessageConfirm","confirm":"6d664eb9-aacf-462c-b350-e4511407e4d8","ts":"2026-04-02T08:33:36.026-04:00","source":{"id":"0","name":"eventBus"}}
{"__type":"$$EventMessageNode","id":"715d0b45-463f-43b3-ac86-5b4aa16c65d1","ts":"2026-04-02T08:33:36.026-04:00","eventName":"n8n.node.finished","message":"n8n.node.finished","payload":{"workflowId":"l9L86XsLUiDhqhlY","workflowName":"My workflow","executionId":"2","nodeType":"n8n-nodes-base.code","nodeName":"Code in JavaScript ранжирование","nodeId":"d0a9c11b-7ef2-414b-bd5d-cbc62eb449a7"}}
{"__type":"$$EventMessageConfirm","confirm":"715d0b45-463f-43b3-ac86-5b4aa16c65d1","ts":"2026-04-02T08:33:36.026-04:00","source":{"id":"0","name":"eventBus"}}
{"__type":"$$EventMessageNode","id":"9563c133-9271-459b-8b21-b300110cb6ca","ts":"2026-04-02T08:33:36.028-04:00","eventName":"n8n.node.started","message":"n8n.node.started","payload":{"workflowId":"l9L86XsLUiDhqhlY","workflowName":"My workflow","executionId":"2","nodeType":"n8n-nodes-base.limit","nodeName":"Limit","nodeId":"23d6451d-0799-437f-9e55-3f7282aa4a53"}}
{"__type":"$$EventMessageConfirm","confirm":"9563c133-9271-459b-8b21-b300110cb6ca","ts":"2026-04-02T08:33:36.028-04:00","source":{"id":"0","name":"eventBus"}}
{"__type":"$$EventMessageNode","id":"4c9f6a6d-e98d-4fb6-8418-7f1d22d05ba5","ts":"2026-04-02T08:33:36.029-04:00","eventName":"n8n.node.finished","message":"n8n.node.finished","payload":{"workflowId":"l9L86XsLUiDhqhlY","workflowName":"My workflow","executionId":"2","nodeType":"n8n-nodes-base.limit","nodeName":"Limit","nodeId":"23d6451d-0799-437f-9e55-3f7282aa4a53"}}
{"__type":"$$EventMessageConfirm","confirm":"4c9f6a6d-e98d-4fb6-8418-7f1d22d05ba5","ts":"2026-04-02T08:33:36.029-04:00","source":{"id":"0","name":"eventBus"}}
{"__type":"$$EventMessageNode","id":"d89f5a63-7596-45a6-9dab-c4614e7f3753","ts":"2026-04-02T08:33:36.031-04:00","eventName":"n8n.node.started","message":"n8n.node.started","payload":{"workflowId":"l9L86XsLUiDhqhlY","workflowName":"My workflow","executionId":"2","nodeType":"n8n-nodes-base.code","nodeName":"Code in JavaScript2","nodeId":"bd7303ec-d4ea-4e79-a9b8-b5d12c92093a"}}
{"__type":"$$EventMessageConfirm","confirm":"d89f5a63-7596-45a6-9dab-c4614e7f3753","ts":"2026-04-02T08:33:36.031-04:00","source":{"id":"0","name":"eventBus"}}
{"__type":"$$EventMessageRunner","id":"890c596e-2146-4049-a37f-52683bfb657a","ts":"2026-04-02T08:33:36.034-04:00","eventName":"n8n.runner.task.requested","message":"n8n.runner.task.requested","payload":{"taskId":"K4kVWF-M","nodeId":"bd7303ec-d4ea-4e79-a9b8-b5d12c92093a","workflowId":"l9L86XsLUiDhqhlY","executionId":"2"}}
{"__type":"$$EventMessageConfirm","confirm":"890c596e-2146-4049-a37f-52683bfb657a","ts":"2026-04-02T08:33:36.035-04:00","source":{"id":"0","name":"eventBus"}}
{"__type":"$$EventMessageRunner","id":"bb7c4f21-43f1-4c37-8a29-2c10cc26ea47","ts":"2026-04-02T08:33:36.079-04:00","eventName":"n8n.runner.response.received","message":"n8n.runner.response.received","payload":{"taskId":"K4kVWF-M","nodeId":"bd7303ec-d4ea-4e79-a9b8-b5d12c92093a","workflowId":"l9L86XsLUiDhqhlY","executionId":"2"}}
{"__type":"$$EventMessageConfirm","confirm":"bb7c4f21-43f1-4c37-8a29-2c10cc26ea47","ts":"2026-04-02T08:33:36.079-04:00","source":{"id":"0","name":"eventBus"}}
{"__type":"$$EventMessageNode","id":"2eedd07e-5bf3-410d-8073-8dcd242f05e4","ts":"2026-04-02T08:33:36.080-04:00","eventName":"n8n.node.finished","message":"n8n.node.finished","payload":{"workflowId":"l9L86XsLUiDhqhlY","workflowName":"My workflow","executionId":"2","nodeType":"n8n-nodes-base.code","nodeName":"Code in JavaScript2","nodeId":"bd7303ec-d4ea-4e79-a9b8-b5d12c92093a"}}
{"__type":"$$EventMessageConfirm","confirm":"2eedd07e-5bf3-410d-8073-8dcd242f05e4","ts":"2026-04-02T08:33:36.080-04:00","source":{"id":"0","name":"eventBus"}}
{"__type":"$$EventMessageNode","id":"59f333f9-e4a9-4bdd-b889-101031619e89","ts":"2026-04-02T08:33:36.081-04:00","eventName":"n8n.node.started","message":"n8n.node.started","payload":{"workflowId":"l9L86XsLUiDhqhlY","workflowName":"My workflow","executionId":"2","nodeType":"n8n-nodes-base.telegram","nodeName":"Send a text message","nodeId":"ec3df12a-00a9-41ca-903b-378d3d23e7bd"}}
{"__type":"$$EventMessageConfirm","confirm":"59f333f9-e4a9-4bdd-b889-101031619e89","ts":"2026-04-02T08:33:36.081-04:00","source":{"id":"0","name":"eventBus"}}
{"__type":"$$EventMessageNode","id":"a7dc8072-c6ae-4586-b893-15b9a009ee88","ts":"2026-04-02T08:33:58.057-04:00","eventName":"n8n.node.finished","message":"n8n.node.finished","payload":{"workflowId":"l9L86XsLUiDhqhlY","workflowName":"My workflow","executionId":"2","nodeType":"n8n-nodes-base.telegram","nodeName":"Send a text message","nodeId":"ec3df12a-00a9-41ca-903b-378d3d23e7bd"}}
{"__type":"$$EventMessageConfirm","confirm":"a7dc8072-c6ae-4586-b893-15b9a009ee88","ts":"2026-04-02T08:33:58.057-04:00","source":{"id":"0","name":"eventBus"}}
{"__type":"$$EventMessageWorkflow","id":"b752cf71-42c0-4788-bc1d-803e7f536314","ts":"2026-04-02T08:33:58.065-04:00","eventName":"n8n.workflow.failed","message":"n8n.workflow.failed","payload":{"userId":"97399fd0-ce84-4eb7-a6d4-56548d9a0d54","executionId":"2","success":false,"isManual":true,"mode":"manual","workflowId":"l9L86XsLUiDhqhlY","workflowName":"My workflow","lastNodeExecuted":"Send a text message","errorNodeType":"n8n-nodes-base.telegram","errorMessage":"The connection to the server was closed unexpectedly, perhaps it is offline. You can retry the request immediately or wait and retry later."}}
{"__type":"$$EventMessageConfirm","confirm":"b752cf71-42c0-4788-bc1d-803e7f536314","ts":"2026-04-02T08:33:58.065-04:00","source":{"id":"0","name":"eventBus"}}
{"__type":"$$EventMessageWorkflow","id":"c5ba3791-60a3-4040-9c60-ae534e18af17","ts":"2026-04-02T08:34:14.897-04:00","eventName":"n8n.workflow.started","message":"n8n.workflow.started","payload":{"executionId":"3","workflowId":"l9L86XsLUiDhqhlY","isManual":false,"mode":"manual","workflowName":"My workflow"}}
{"__type":"$$EventMessageConfirm","confirm":"c5ba3791-60a3-4040-9c60-ae534e18af17","ts":"2026-04-02T08:34:14.897-04:00","source":{"id":"0","name":"eventBus"}}
{"__type":"$$EventMessageAudit","id":"9777c4c6-d1b8-4682-bcad-6d69cd4853f1","ts":"2026-04-02T08:34:14.899-04:00","eventName":"n8n.audit.workflow.executed","message":"n8n.audit.workflow.executed","payload":{"userId":"97399fd0-ce84-4eb7-a6d4-56548d9a0d54","_email":"avramenkovi07@gmail.com","_firstName":"Valeriy","_lastName":"Avramenko","globalRole":"global:owner","workflowId":"l9L86XsLUiDhqhlY","workflowName":"My workflow","executionId":"3","source":"user-manual"}}
{"__type":"$$EventMessageConfirm","confirm":"9777c4c6-d1b8-4682-bcad-6d69cd4853f1","ts":"2026-04-02T08:34:14.900-04:00","source":{"id":"0","name":"eventBus"}}
{"__type":"$$EventMessageNode","id":"bd7b2cb9-dbbc-482b-a016-9c2033f5e0d4","ts":"2026-04-02T08:34:14.935-04:00","eventName":"n8n.node.started","message":"n8n.node.started","payload":{"workflowId":"l9L86XsLUiDhqhlY","workflowName":"My workflow","executionId":"3","nodeType":"n8n-nodes-base.scheduleTrigger","nodeName":"Schedule Trigger","nodeId":"16c122ab-06bc-47bf-9892-a00f48b667dc"}}
{"__type":"$$EventMessageConfirm","confirm":"bd7b2cb9-dbbc-482b-a016-9c2033f5e0d4","ts":"2026-04-02T08:34:14.935-04:00","source":{"id":"0","name":"eventBus"}}
{"__type":"$$EventMessageNode","id":"6db23ee5-e99d-4062-befc-adac63565289","ts":"2026-04-02T08:34:14.938-04:00","eventName":"n8n.node.finished","message":"n8n.node.finished","payload":{"workflowId":"l9L86XsLUiDhqhlY","workflowName":"My workflow","executionId":"3","nodeType":"n8n-nodes-base.scheduleTrigger","nodeName":"Schedule Trigger","nodeId":"16c122ab-06bc-47bf-9892-a00f48b667dc"}}
{"__type":"$$EventMessageConfirm","confirm":"6db23ee5-e99d-4062-befc-adac63565289","ts":"2026-04-02T08:34:14.938-04:00","source":{"id":"0","name":"eventBus"}}
{"__type":"$$EventMessageNode","id":"aadfdbbb-5200-44a8-9e5a-0627c2aa69c0","ts":"2026-04-02T08:34:14.939-04:00","eventName":"n8n.node.started","message":"n8n.node.started","payload":{"workflowId":"l9L86XsLUiDhqhlY","workflowName":"My workflow","executionId":"3","nodeType":"n8n-nodes-base.httpRequest","nodeName":"HTTP Request Хабр","nodeId":"394653bc-df34-47ae-9e1e-a9c21f0664e3"}}
{"__type":"$$EventMessageConfirm","confirm":"aadfdbbb-5200-44a8-9e5a-0627c2aa69c0","ts":"2026-04-02T08:34:14.940-04:00","source":{"id":"0","name":"eventBus"}}
{"__type":"$$EventMessageNode","id":"4d2bd6e1-763d-4a3f-b014-a500ad271d6f","ts":"2026-04-02T08:37:06.579-04:00","eventName":"n8n.node.finished","message":"n8n.node.finished","payload":{"workflowId":"l9L86XsLUiDhqhlY","workflowName":"My workflow","executionId":"3","nodeType":"n8n-nodes-base.httpRequest","nodeName":"HTTP Request Хабр","nodeId":"394653bc-df34-47ae-9e1e-a9c21f0664e3"}}
{"__type":"$$EventMessageConfirm","confirm":"4d2bd6e1-763d-4a3f-b014-a500ad271d6f","ts":"2026-04-02T08:37:06.579-04:00","source":{"id":"0","name":"eventBus"}}
{"__type":"$$EventMessageWorkflow","id":"78ec5dcf-e43c-42a5-ac8f-3eeabfd8e389","ts":"2026-04-02T08:37:06.595-04:00","eventName":"n8n.workflow.failed","message":"n8n.workflow.failed","payload":{"userId":"97399fd0-ce84-4eb7-a6d4-56548d9a0d54","executionId":"3","success":false,"isManual":true,"mode":"manual","workflowId":"l9L86XsLUiDhqhlY","workflowName":"My workflow","lastNodeExecuted":"HTTP Request Хабр","errorNodeType":"n8n-nodes-base.httpRequest","errorMessage":"The connection to the server was closed unexpectedly, perhaps it is offline. You can retry the request immediately or wait and retry later."}}
{"__type":"$$EventMessageConfirm","confirm":"78ec5dcf-e43c-42a5-ac8f-3eeabfd8e389","ts":"2026-04-02T08:37:06.596-04:00","source":{"id":"0","name":"eventBus"}}
{"__type":"$$EventMessageWorkflow","id":"acedb871-b3f4-48f3-b6bd-d600cce5c33a","ts":"2026-04-02T08:40:57.545-04:00","eventName":"n8n.workflow.started","message":"n8n.workflow.started","payload":{"executionId":"4","workflowId":"l9L86XsLUiDhqhlY","isManual":false,"mode":"manual","workflowName":"My workflow"}}
{"__type":"$$EventMessageConfirm","confirm":"acedb871-b3f4-48f3-b6bd-d600cce5c33a","ts":"2026-04-02T08:40:57.545-04:00","source":{"id":"0","name":"eventBus"}}
{"__type":"$$EventMessageAudit","id":"9a21792e-7a1c-4d25-8e5c-79bd2badac9b","ts":"2026-04-02T08:40:57.546-04:00","eventName":"n8n.audit.workflow.executed","message":"n8n.audit.workflow.executed","payload":{"userId":"97399fd0-ce84-4eb7-a6d4-56548d9a0d54","_email":"avramenkovi07@gmail.com","_firstName":"Valeriy","_lastName":"Avramenko","globalRole":"global:owner","workflowId":"l9L86XsLUiDhqhlY","workflowName":"My workflow","executionId":"4","source":"user-manual"}}
{"__type":"$$EventMessageConfirm","confirm":"9a21792e-7a1c-4d25-8e5c-79bd2badac9b","ts":"2026-04-02T08:40:57.546-04:00","source":{"id":"0","name":"eventBus"}}
{"__type":"$$EventMessageNode","id":"7afc5beb-ec0c-4628-b545-171078cb40fc","ts":"2026-04-02T08:40:57.569-04:00","eventName":"n8n.node.started","message":"n8n.node.started","payload":{"workflowId":"l9L86XsLUiDhqhlY","workflowName":"My workflow","executionId":"4","nodeType":"n8n-nodes-base.scheduleTrigger","nodeName":"Schedule Trigger","nodeId":"16c122ab-06bc-47bf-9892-a00f48b667dc"}}
{"__type":"$$EventMessageConfirm","confirm":"7afc5beb-ec0c-4628-b545-171078cb40fc","ts":"2026-04-02T08:40:57.569-04:00","source":{"id":"0","name":"eventBus"}}
{"__type":"$$EventMessageNode","id":"ff49d2e5-35b8-440b-8db6-4e75fae541a9","ts":"2026-04-02T08:40:57.571-04:00","eventName":"n8n.node.finished","message":"n8n.node.finished","payload":{"workflowId":"l9L86XsLUiDhqhlY","workflowName":"My workflow","executionId":"4","nodeType":"n8n-nodes-base.scheduleTrigger","nodeName":"Schedule Trigger","nodeId":"16c122ab-06bc-47bf-9892-a00f48b667dc"}}
{"__type":"$$EventMessageConfirm","confirm":"ff49d2e5-35b8-440b-8db6-4e75fae541a9","ts":"2026-04-02T08:40:57.571-04:00","source":{"id":"0","name":"eventBus"}}
{"__type":"$$EventMessageNode","id":"dafb1e5a-5157-42d8-9b2a-d025e9f176a0","ts":"2026-04-02T08:40:57.572-04:00","eventName":"n8n.node.started","message":"n8n.node.started","payload":{"workflowId":"l9L86XsLUiDhqhlY","workflowName":"My workflow","executionId":"4","nodeType":"n8n-nodes-base.httpRequest","nodeName":"HTTP Request Хабр","nodeId":"394653bc-df34-47ae-9e1e-a9c21f0664e3"}}
{"__type":"$$EventMessageConfirm","confirm":"dafb1e5a-5157-42d8-9b2a-d025e9f176a0","ts":"2026-04-02T08:40:57.573-04:00","source":{"id":"0","name":"eventBus"}}
{"__type":"$$EventMessageNode","id":"73380c0b-f94f-450b-b5ff-cd7a10a75e8a","ts":"2026-04-02T08:40:58.169-04:00","eventName":"n8n.node.finished","message":"n8n.node.finished","payload":{"workflowId":"l9L86XsLUiDhqhlY","workflowName":"My workflow","executionId":"4","nodeType":"n8n-nodes-base.httpRequest","nodeName":"HTTP Request Хабр","nodeId":"394653bc-df34-47ae-9e1e-a9c21f0664e3"}}
{"__type":"$$EventMessageConfirm","confirm":"73380c0b-f94f-450b-b5ff-cd7a10a75e8a","ts":"2026-04-02T08:40:58.169-04:00","source":{"id":"0","name":"eventBus"}}
{"__type":"$$EventMessageNode","id":"9e380565-f143-49dc-a7fb-7a29a27e865b","ts":"2026-04-02T08:40:58.172-04:00","eventName":"n8n.node.started","message":"n8n.node.started","payload":{"workflowId":"l9L86XsLUiDhqhlY","workflowName":"My workflow","executionId":"4","nodeType":"n8n-nodes-base.code","nodeName":"Code in JavaScript","nodeId":"c667156b-ec24-434f-b717-a6f1be0f0d39"}}
{"__type":"$$EventMessageConfirm","confirm":"9e380565-f143-49dc-a7fb-7a29a27e865b","ts":"2026-04-02T08:40:58.172-04:00","source":{"id":"0","name":"eventBus"}}
{"__type":"$$EventMessageRunner","id":"fba45010-9230-481d-89d6-bb3310dc1680","ts":"2026-04-02T08:40:58.177-04:00","eventName":"n8n.runner.task.requested","message":"n8n.runner.task.requested","payload":{"taskId":"Dg1pi_-m","nodeId":"c667156b-ec24-434f-b717-a6f1be0f0d39","workflowId":"l9L86XsLUiDhqhlY","executionId":"4"}}
{"__type":"$$EventMessageConfirm","confirm":"fba45010-9230-481d-89d6-bb3310dc1680","ts":"2026-04-02T08:40:58.177-04:00","source":{"id":"0","name":"eventBus"}}
{"__type":"$$EventMessageRunner","id":"5b91a7e3-3107-4fee-934e-a2e8611be961","ts":"2026-04-02T08:40:58.225-04:00","eventName":"n8n.runner.response.received","message":"n8n.runner.response.received","payload":{"taskId":"Dg1pi_-m","nodeId":"c667156b-ec24-434f-b717-a6f1be0f0d39","workflowId":"l9L86XsLUiDhqhlY","executionId":"4"}}
{"__type":"$$EventMessageConfirm","confirm":"5b91a7e3-3107-4fee-934e-a2e8611be961","ts":"2026-04-02T08:40:58.226-04:00","source":{"id":"0","name":"eventBus"}}
{"__type":"$$EventMessageNode","id":"d20e3b4a-eac1-4af8-bf22-ddf529ece2fd","ts":"2026-04-02T08:40:58.226-04:00","eventName":"n8n.node.finished","message":"n8n.node.finished","payload":{"workflowId":"l9L86XsLUiDhqhlY","workflowName":"My workflow","executionId":"4","nodeType":"n8n-nodes-base.code","nodeName":"Code in JavaScript","nodeId":"c667156b-ec24-434f-b717-a6f1be0f0d39"}}
{"__type":"$$EventMessageConfirm","confirm":"d20e3b4a-eac1-4af8-bf22-ddf529ece2fd","ts":"2026-04-02T08:40:58.227-04:00","source":{"id":"0","name":"eventBus"}}
{"__type":"$$EventMessageNode","id":"d52105bf-b768-42dc-a943-4b2bc332a33b","ts":"2026-04-02T08:40:58.230-04:00","eventName":"n8n.node.started","message":"n8n.node.started","payload":{"workflowId":"l9L86XsLUiDhqhlY","workflowName":"My workflow","executionId":"4","nodeType":"n8n-nodes-base.filter","nodeName":"Filter опыт работы","nodeId":"7d75b306-a838-4dd9-b837-9c1ec6f3ecfb"}}
{"__type":"$$EventMessageConfirm","confirm":"d52105bf-b768-42dc-a943-4b2bc332a33b","ts":"2026-04-02T08:40:58.231-04:00","source":{"id":"0","name":"eventBus"}}
{"__type":"$$EventMessageNode","id":"4087b898-4bee-422b-9a23-8a99b1a50106","ts":"2026-04-02T08:40:58.383-04:00","eventName":"n8n.node.finished","message":"n8n.node.finished","payload":{"workflowId":"l9L86XsLUiDhqhlY","workflowName":"My workflow","executionId":"4","nodeType":"n8n-nodes-base.filter","nodeName":"Filter опыт работы","nodeId":"7d75b306-a838-4dd9-b837-9c1ec6f3ecfb"}}
{"__type":"$$EventMessageConfirm","confirm":"4087b898-4bee-422b-9a23-8a99b1a50106","ts":"2026-04-02T08:40:58.383-04:00","source":{"id":"0","name":"eventBus"}}
{"__type":"$$EventMessageNode","id":"28c78945-46d2-477c-8f80-05e4c4eb8479","ts":"2026-04-02T08:40:58.387-04:00","eventName":"n8n.node.started","message":"n8n.node.started","payload":{"workflowId":"l9L86XsLUiDhqhlY","workflowName":"My workflow","executionId":"4","nodeType":"n8n-nodes-base.filter","nodeName":"Filter формат работы","nodeId":"039b2d8c-c7d8-46ec-b245-813adfe6228a"}}
{"__type":"$$EventMessageConfirm","confirm":"28c78945-46d2-477c-8f80-05e4c4eb8479","ts":"2026-04-02T08:40:58.387-04:00","source":{"id":"0","name":"eventBus"}}
{"__type":"$$EventMessageNode","id":"25f43d76-f730-4547-b579-56bd72a7c3ef","ts":"2026-04-02T08:40:58.406-04:00","eventName":"n8n.node.finished","message":"n8n.node.finished","payload":{"workflowId":"l9L86XsLUiDhqhlY","workflowName":"My workflow","executionId":"4","nodeType":"n8n-nodes-base.filter","nodeName":"Filter формат работы","nodeId":"039b2d8c-c7d8-46ec-b245-813adfe6228a"}}
{"__type":"$$EventMessageConfirm","confirm":"25f43d76-f730-4547-b579-56bd72a7c3ef","ts":"2026-04-02T08:40:58.406-04:00","source":{"id":"0","name":"eventBus"}}
{"__type":"$$EventMessageNode","id":"6bcf6233-3631-4f1a-a081-8c30f6c0364d","ts":"2026-04-02T08:40:58.408-04:00","eventName":"n8n.node.started","message":"n8n.node.started","payload":{"workflowId":"l9L86XsLUiDhqhlY","workflowName":"My workflow","executionId":"4","nodeType":"n8n-nodes-base.httpRequest","nodeName":"HTTP Request3 hh","nodeId":"a85dffbf-06f2-471a-b5f9-e7c72a7f4630"}}
{"__type":"$$EventMessageConfirm","confirm":"6bcf6233-3631-4f1a-a081-8c30f6c0364d","ts":"2026-04-02T08:40:58.408-04:00","source":{"id":"0","name":"eventBus"}}
{"__type":"$$EventMessageNode","id":"5647c8d0-60ea-4c96-bb63-3ddba1beef38","ts":"2026-04-02T08:40:59.598-04:00","eventName":"n8n.node.finished","message":"n8n.node.finished","payload":{"workflowId":"l9L86XsLUiDhqhlY","workflowName":"My workflow","executionId":"4","nodeType":"n8n-nodes-base.httpRequest","nodeName":"HTTP Request3 hh","nodeId":"a85dffbf-06f2-471a-b5f9-e7c72a7f4630"}}
{"__type":"$$EventMessageConfirm","confirm":"5647c8d0-60ea-4c96-bb63-3ddba1beef38","ts":"2026-04-02T08:40:59.599-04:00","source":{"id":"0","name":"eventBus"}}
{"__type":"$$EventMessageNode","id":"4bb67549-bf38-459d-9f3b-a293658d0c77","ts":"2026-04-02T08:40:59.606-04:00","eventName":"n8n.node.started","message":"n8n.node.started","payload":{"workflowId":"l9L86XsLUiDhqhlY","workflowName":"My workflow","executionId":"4","nodeType":"n8n-nodes-base.code","nodeName":"Code in JavaScript3","nodeId":"f6d18436-080c-4e8c-9c4f-b516c18adbd5"}}
{"__type":"$$EventMessageConfirm","confirm":"4bb67549-bf38-459d-9f3b-a293658d0c77","ts":"2026-04-02T08:40:59.606-04:00","source":{"id":"0","name":"eventBus"}}
{"__type":"$$EventMessageRunner","id":"4599b292-fa6f-44e6-9670-9783294e94dc","ts":"2026-04-02T08:40:59.614-04:00","eventName":"n8n.runner.task.requested","message":"n8n.runner.task.requested","payload":{"taskId":"UwQq8Qsb","nodeId":"f6d18436-080c-4e8c-9c4f-b516c18adbd5","workflowId":"l9L86XsLUiDhqhlY","executionId":"4"}}
{"__type":"$$EventMessageConfirm","confirm":"4599b292-fa6f-44e6-9670-9783294e94dc","ts":"2026-04-02T08:40:59.615-04:00","source":{"id":"0","name":"eventBus"}}
{"__type":"$$EventMessageRunner","id":"6a92e124-2baa-492a-8b18-0fc893739d8f","ts":"2026-04-02T08:40:59.658-04:00","eventName":"n8n.runner.response.received","message":"n8n.runner.response.received","payload":{"taskId":"UwQq8Qsb","nodeId":"f6d18436-080c-4e8c-9c4f-b516c18adbd5","workflowId":"l9L86XsLUiDhqhlY","executionId":"4"}}
{"__type":"$$EventMessageConfirm","confirm":"6a92e124-2baa-492a-8b18-0fc893739d8f","ts":"2026-04-02T08:40:59.658-04:00","source":{"id":"0","name":"eventBus"}}
{"__type":"$$EventMessageNode","id":"c165a49c-bef9-4334-94e8-9c3175ddf283","ts":"2026-04-02T08:40:59.658-04:00","eventName":"n8n.node.finished","message":"n8n.node.finished","payload":{"workflowId":"l9L86XsLUiDhqhlY","workflowName":"My workflow","executionId":"4","nodeType":"n8n-nodes-base.code","nodeName":"Code in JavaScript3","nodeId":"f6d18436-080c-4e8c-9c4f-b516c18adbd5"}}
{"__type":"$$EventMessageConfirm","confirm":"c165a49c-bef9-4334-94e8-9c3175ddf283","ts":"2026-04-02T08:40:59.658-04:00","source":{"id":"0","name":"eventBus"}}
{"__type":"$$EventMessageNode","id":"7233f4bd-db75-4c9b-a5f3-c7aa26dda109","ts":"2026-04-02T08:40:59.661-04:00","eventName":"n8n.node.started","message":"n8n.node.started","payload":{"workflowId":"l9L86XsLUiDhqhlY","workflowName":"My workflow","executionId":"4","nodeType":"n8n-nodes-base.filter","nodeName":"Filter опыт работы1","nodeId":"579ef25d-d647-4278-bdb8-fb1d54b368d8"}}
{"__type":"$$EventMessageConfirm","confirm":"7233f4bd-db75-4c9b-a5f3-c7aa26dda109","ts":"2026-04-02T08:40:59.661-04:00","source":{"id":"0","name":"eventBus"}}
{"__type":"$$EventMessageNode","id":"939daf06-a532-4880-97a3-fc7e2179c201","ts":"2026-04-02T08:40:59.733-04:00","eventName":"n8n.node.finished","message":"n8n.node.finished","payload":{"workflowId":"l9L86XsLUiDhqhlY","workflowName":"My workflow","executionId":"4","nodeType":"n8n-nodes-base.filter","nodeName":"Filter опыт работы1","nodeId":"579ef25d-d647-4278-bdb8-fb1d54b368d8"}}
{"__type":"$$EventMessageConfirm","confirm":"939daf06-a532-4880-97a3-fc7e2179c201","ts":"2026-04-02T08:40:59.733-04:00","source":{"id":"0","name":"eventBus"}}
{"__type":"$$EventMessageNode","id":"3328a47f-2c1a-46ad-bb29-d14f40266134","ts":"2026-04-02T08:40:59.735-04:00","eventName":"n8n.node.started","message":"n8n.node.started","payload":{"workflowId":"l9L86XsLUiDhqhlY","workflowName":"My workflow","executionId":"4","nodeType":"n8n-nodes-base.merge","nodeName":"Merge","nodeId":"14a00ec7-7b23-4f5d-8c06-c62f0e1a459c"}}
{"__type":"$$EventMessageConfirm","confirm":"3328a47f-2c1a-46ad-bb29-d14f40266134","ts":"2026-04-02T08:40:59.735-04:00","source":{"id":"0","name":"eventBus"}}
{"__type":"$$EventMessageNode","id":"f064a979-012c-4f11-9b72-1fc47f5286fb","ts":"2026-04-02T08:40:59.739-04:00","eventName":"n8n.node.finished","message":"n8n.node.finished","payload":{"workflowId":"l9L86XsLUiDhqhlY","workflowName":"My workflow","executionId":"4","nodeType":"n8n-nodes-base.merge","nodeName":"Merge","nodeId":"14a00ec7-7b23-4f5d-8c06-c62f0e1a459c"}}
{"__type":"$$EventMessageConfirm","confirm":"f064a979-012c-4f11-9b72-1fc47f5286fb","ts":"2026-04-02T08:40:59.739-04:00","source":{"id":"0","name":"eventBus"}}
{"__type":"$$EventMessageNode","id":"60f41c86-8c64-46fa-b4e0-cf2233a469dc","ts":"2026-04-02T08:40:59.742-04:00","eventName":"n8n.node.started","message":"n8n.node.started","payload":{"workflowId":"l9L86XsLUiDhqhlY","workflowName":"My workflow","executionId":"4","nodeType":"n8n-nodes-base.code","nodeName":"Code in JavaScript ранжирование","nodeId":"d0a9c11b-7ef2-414b-bd5d-cbc62eb449a7"}}
{"__type":"$$EventMessageConfirm","confirm":"60f41c86-8c64-46fa-b4e0-cf2233a469dc","ts":"2026-04-02T08:40:59.743-04:00","source":{"id":"0","name":"eventBus"}}
{"__type":"$$EventMessageRunner","id":"65c12d38-5317-4fe1-bc52-0e9ed1dbe4a8","ts":"2026-04-02T08:40:59.933-04:00","eventName":"n8n.runner.task.requested","message":"n8n.runner.task.requested","payload":{"taskId":"uMFJlxiO","nodeId":"d0a9c11b-7ef2-414b-bd5d-cbc62eb449a7","workflowId":"l9L86XsLUiDhqhlY","executionId":"4"}}
{"__type":"$$EventMessageConfirm","confirm":"65c12d38-5317-4fe1-bc52-0e9ed1dbe4a8","ts":"2026-04-02T08:40:59.933-04:00","source":{"id":"0","name":"eventBus"}}
{"__type":"$$EventMessageRunner","id":"325ae276-2b89-4b75-b1e9-3d1696a731ef","ts":"2026-04-02T08:41:00.092-04:00","eventName":"n8n.runner.response.received","message":"n8n.runner.response.received","payload":{"taskId":"uMFJlxiO","nodeId":"d0a9c11b-7ef2-414b-bd5d-cbc62eb449a7","workflowId":"l9L86XsLUiDhqhlY","executionId":"4"}}
{"__type":"$$EventMessageConfirm","confirm":"325ae276-2b89-4b75-b1e9-3d1696a731ef","ts":"2026-04-02T08:41:00.092-04:00","source":{"id":"0","name":"eventBus"}}
{"__type":"$$EventMessageNode","id":"512ea30c-61fd-4b3a-944f-f37fdffc8d88","ts":"2026-04-02T08:41:00.093-04:00","eventName":"n8n.node.finished","message":"n8n.node.finished","payload":{"workflowId":"l9L86XsLUiDhqhlY","workflowName":"My workflow","executionId":"4","nodeType":"n8n-nodes-base.code","nodeName":"Code in JavaScript ранжирование","nodeId":"d0a9c11b-7ef2-414b-bd5d-cbc62eb449a7"}}
{"__type":"$$EventMessageConfirm","confirm":"512ea30c-61fd-4b3a-944f-f37fdffc8d88","ts":"2026-04-02T08:41:00.093-04:00","source":{"id":"0","name":"eventBus"}}
{"__type":"$$EventMessageNode","id":"3253efd9-1a31-4584-8c39-c3f49463def5","ts":"2026-04-02T08:41:00.094-04:00","eventName":"n8n.node.started","message":"n8n.node.started","payload":{"workflowId":"l9L86XsLUiDhqhlY","workflowName":"My workflow","executionId":"4","nodeType":"n8n-nodes-base.limit","nodeName":"Limit","nodeId":"23d6451d-0799-437f-9e55-3f7282aa4a53"}}
{"__type":"$$EventMessageConfirm","confirm":"3253efd9-1a31-4584-8c39-c3f49463def5","ts":"2026-04-02T08:41:00.094-04:00","source":{"id":"0","name":"eventBus"}}
{"__type":"$$EventMessageNode","id":"e1fbc219-f191-4f43-8806-4d26f523f986","ts":"2026-04-02T08:41:00.095-04:00","eventName":"n8n.node.finished","message":"n8n.node.finished","payload":{"workflowId":"l9L86XsLUiDhqhlY","workflowName":"My workflow","executionId":"4","nodeType":"n8n-nodes-base.limit","nodeName":"Limit","nodeId":"23d6451d-0799-437f-9e55-3f7282aa4a53"}}
{"__type":"$$EventMessageConfirm","confirm":"e1fbc219-f191-4f43-8806-4d26f523f986","ts":"2026-04-02T08:41:00.095-04:00","source":{"id":"0","name":"eventBus"}}
{"__type":"$$EventMessageNode","id":"981faed0-9515-4586-aa6a-9c00be1d3526","ts":"2026-04-02T08:41:00.096-04:00","eventName":"n8n.node.started","message":"n8n.node.started","payload":{"workflowId":"l9L86XsLUiDhqhlY","workflowName":"My workflow","executionId":"4","nodeType":"n8n-nodes-base.code","nodeName":"Code in JavaScript2","nodeId":"bd7303ec-d4ea-4e79-a9b8-b5d12c92093a"}}
{"__type":"$$EventMessageConfirm","confirm":"981faed0-9515-4586-aa6a-9c00be1d3526","ts":"2026-04-02T08:41:00.096-04:00","source":{"id":"0","name":"eventBus"}}
{"__type":"$$EventMessageRunner","id":"20f97502-25b4-4124-948a-c9b075bf8b24","ts":"2026-04-02T08:41:00.143-04:00","eventName":"n8n.runner.task.requested","message":"n8n.runner.task.requested","payload":{"taskId":"tKZpEnuc","nodeId":"bd7303ec-d4ea-4e79-a9b8-b5d12c92093a","workflowId":"l9L86XsLUiDhqhlY","executionId":"4"}}
{"__type":"$$EventMessageConfirm","confirm":"20f97502-25b4-4124-948a-c9b075bf8b24","ts":"2026-04-02T08:41:00.143-04:00","source":{"id":"0","name":"eventBus"}}
{"__type":"$$EventMessageRunner","id":"4b049948-53f7-49c9-9e3a-bd805d000ef9","ts":"2026-04-02T08:41:00.278-04:00","eventName":"n8n.runner.response.received","message":"n8n.runner.response.received","payload":{"taskId":"tKZpEnuc","nodeId":"bd7303ec-d4ea-4e79-a9b8-b5d12c92093a","workflowId":"l9L86XsLUiDhqhlY","executionId":"4"}}
{"__type":"$$EventMessageConfirm","confirm":"4b049948-53f7-49c9-9e3a-bd805d000ef9","ts":"2026-04-02T08:41:00.278-04:00","source":{"id":"0","name":"eventBus"}}
{"__type":"$$EventMessageNode","id":"cde46363-694e-4e8f-8a67-c13a4cc07057","ts":"2026-04-02T08:41:00.279-04:00","eventName":"n8n.node.finished","message":"n8n.node.finished","payload":{"workflowId":"l9L86XsLUiDhqhlY","workflowName":"My workflow","executionId":"4","nodeType":"n8n-nodes-base.code","nodeName":"Code in JavaScript2","nodeId":"bd7303ec-d4ea-4e79-a9b8-b5d12c92093a"}}
{"__type":"$$EventMessageConfirm","confirm":"cde46363-694e-4e8f-8a67-c13a4cc07057","ts":"2026-04-02T08:41:00.279-04:00","source":{"id":"0","name":"eventBus"}}
{"__type":"$$EventMessageNode","id":"f6e9d2e7-1399-4de5-b497-68802841b491","ts":"2026-04-02T08:41:00.280-04:00","eventName":"n8n.node.started","message":"n8n.node.started","payload":{"workflowId":"l9L86XsLUiDhqhlY","workflowName":"My workflow","executionId":"4","nodeType":"n8n-nodes-base.telegram","nodeName":"Send a text message","nodeId":"ec3df12a-00a9-41ca-903b-378d3d23e7bd"}}
{"__type":"$$EventMessageConfirm","confirm":"f6e9d2e7-1399-4de5-b497-68802841b491","ts":"2026-04-02T08:41:00.280-04:00","source":{"id":"0","name":"eventBus"}}
{"__type":"$$EventMessageNode","id":"e7cf77e5-1fe9-42e4-b1b7-262afd4a37e1","ts":"2026-04-02T08:41:00.805-04:00","eventName":"n8n.node.finished","message":"n8n.node.finished","payload":{"workflowId":"l9L86XsLUiDhqhlY","workflowName":"My workflow","executionId":"4","nodeType":"n8n-nodes-base.telegram","nodeName":"Send a text message","nodeId":"ec3df12a-00a9-41ca-903b-378d3d23e7bd"}}
{"__type":"$$EventMessageConfirm","confirm":"e7cf77e5-1fe9-42e4-b1b7-262afd4a37e1","ts":"2026-04-02T08:41:00.806-04:00","source":{"id":"0","name":"eventBus"}}
{"__type":"$$EventMessageWorkflow","id":"c302170b-05eb-4317-9ec0-f21e1518b5b9","ts":"2026-04-02T08:41:00.811-04:00","eventName":"n8n.workflow.success","message":"n8n.workflow.success","payload":{"userId":"97399fd0-ce84-4eb7-a6d4-56548d9a0d54","executionId":"4","success":true,"isManual":true,"mode":"manual","workflowId":"l9L86XsLUiDhqhlY","workflowName":"My workflow"}}
{"__type":"$$EventMessageConfirm","confirm":"c302170b-05eb-4317-9ec0-f21e1518b5b9","ts":"2026-04-02T08:41:00.811-04:00","source":{"id":"0","name":"eventBus"}}
